#-----------------------------------------------------------
# Vivado v2024.1 (64-bit)
# SW Build 5076996 on Wed May 22 18:37:14 MDT 2024
# IP Build 5075265 on Wed May 22 21:45:21 MDT 2024
# SharedData Build 5076995 on Wed May 22 18:29:18 MDT 2024
# Start of session at: Sat Sep 26 16:41:35 2026
# Process ID: 3748
# Current directory: C:/Users/radoj/Documents/diplomski_rad_ivona_radojicic
# Command line: vivado.exe -gui_launcher_event rodinguilauncherevent8232 C:\Users\radoj\Documents\diplomski_rad_ivona_radojicic\diplomski_rad_ivona_radojicic.xpr
# Log file: C:/Users/radoj/Documents/diplomski_rad_ivona_radojicic/vivado.log
# Journal file: C:/Users/radoj/Documents/diplomski_rad_ivona_radojicic\vivado.jou
# Running On        :racopc
# Platform          :Windows Server 2016 or Windows 10
# Operating System  :26200
# Processor Detail  :11th Gen Intel(R) Core(TM) i5-1135G7 @ 2.40GHz
# CPU Frequency     :2419 MHz
# CPU Physical cores:4
# CPU Logical cores :8
# Host memory       :16905 MB
# Swap memory       :9663 MB
# Total Virtual     :26569 MB
# Available Virtual :10062 MB
#-----------------------------------------------------------
start_gui
open_project C:/Users/radoj/Documents/diplomski_rad_ivona_radojicic/diplomski_rad_ivona_radojicic.xpr
Scanning sources...
Finished scanning sources
WARNING: [Board 49-26] cannot add Board Part xilinx.com:ac701:part0:1.4 available at C:/Xilinx/Vivado/2024.1/data/xhub/boards/XilinxBoardStore/boards/Xilinx/ac701/1.4/board.xml as part xc7a200tfbg676-2 specified in board_part file is either invalid or not available
WARNING: [Board 49-26] cannot add Board Part xilinx.com:kc705:part0:1.6 available at C:/Xilinx/Vivado/2024.1/data/xhub/boards/XilinxBoardStore/boards/Xilinx/kc705/1.6/board.xml as part xc7k325tffg900-2 specified in board_part file is either invalid or not available
WARNING: [Board 49-26] cannot add Board Part xilinx.com:kcu105:part0:1.6 available at C:/Xilinx/Vivado/2024.1/data/xhub/boards/XilinxBoardStore/boards/Xilinx/kcu105/1.6/board.xml as part xcku040-ffva1156-2-e specified in board_part file is either invalid or not available
WARNING: [Board 49-26] cannot add Board Part xilinx.com:kcu105:part0:1.7 available at C:/Xilinx/Vivado/2024.1/data/xhub/boards/XilinxBoardStore/boards/Xilinx/kcu105/1.7/board.xml as part xcku040-ffva1156-2-e specified in board_part file is either invalid or not available
WARNING: [Board 49-26] cannot add Board Part xilinx.com:kcu116:part0:1.4 available at C:/Xilinx/Vivado/2024.1/data/xhub/boards/XilinxBoardStore/boards/Xilinx/kcu116/1.4/board.xml as part xcku5p-ffvb676-2-e specified in board_part file is either invalid or not available
WARNING: [Board 49-26] cannot add Board Part xilinx.com:kcu116:part0:1.5 available at C:/Xilinx/Vivado/2024.1/data/xhub/boards/XilinxBoardStore/boards/Xilinx/kcu116/1.5/board.xml as part xcku5p-ffvb676-2-e specified in board_part file is either invalid or not available
WARNING: [Board 49-26] cannot add Board Part xilinx.com:kcu1500:part0:1.2 available at C:/Xilinx/Vivado/2024.1/data/xhub/boards/XilinxBoardStore/boards/Xilinx/kcu1500/1.2/board.xml as part xcku115-flvb2104-2-e specified in board_part file is either invalid or not available
WARNING: [Board 49-26] cannot add Board Part xilinx.com:sp701:part0:1.0 available at C:/Xilinx/Vivado/2024.1/data/xhub/boards/XilinxBoardStore/boards/Xilinx/sp701/1.0/board.xml as part xc7s100fgga676-2 specified in board_part file is either invalid or not available
WARNING: [Board 49-26] cannot add Board Part xilinx.com:sp701:part0:1.1 available at C:/Xilinx/Vivado/2024.1/data/xhub/boards/XilinxBoardStore/boards/Xilinx/sp701/1.1/board.xml as part xc7s100fgga676-2 specified in board_part file is either invalid or not available
WARNING: [Board 49-26] cannot add Board Part xilinx.com:vc707:part0:1.4 available at C:/Xilinx/Vivado/2024.1/data/xhub/boards/XilinxBoardStore/boards/Xilinx/vc707/1.4/board.xml as part xc7vx485tffg1761-2 specified in board_part file is either invalid or not available
WARNING: [Board 49-26] cannot add Board Part xilinx.com:vc709:part0:1.8 available at C:/Xilinx/Vivado/2024.1/data/xhub/boards/XilinxBoardStore/boards/Xilinx/vc709/1.8/board.xml as part xc7vx690tffg1761-2 specified in board_part file is either invalid or not available
WARNING: [Board 49-26] cannot add Board Part xilinx.com:vck190:part0:2.2 available at C:/Xilinx/Vivado/2024.1/data/xhub/boards/XilinxBoardStore/boards/Xilinx/vck190/production/2.2/board.xml as part xcvc1902-vsva2197-2mp-e-s specified in board_part file is either invalid or not available
WARNING: [Board 49-26] cannot add Board Part xilinx.com:vck190:part0:3.0 available at C:/Xilinx/Vivado/2024.1/data/xhub/boards/XilinxBoardStore/boards/Xilinx/vck190/production/3.0/board.xml as part xcvc1902-vsva2197-2mp-e-s specified in board_part file is either invalid or not available
WARNING: [Board 49-26] cannot add Board Part xilinx.com:vck190:part0:3.1 available at C:/Xilinx/Vivado/2024.1/data/xhub/boards/XilinxBoardStore/boards/Xilinx/vck190/production/3.1/board.xml as part xcvc1902-vsva2197-2mp-e-s specified in board_part file is either invalid or not available
WARNING: [Board 49-26] cannot add Board Part xilinx.com:vck190:part0:3.2 available at C:/Xilinx/Vivado/2024.1/data/xhub/boards/XilinxBoardStore/boards/Xilinx/vck190/production/3.2/board.xml as part xcvc1902-vsva2197-2mp-e-s specified in board_part file is either invalid or not available
WARNING: [Board 49-26] cannot add Board Part xilinx.com:vck190:part0:3.3 available at C:/Xilinx/Vivado/2024.1/data/xhub/boards/XilinxBoardStore/boards/Xilinx/vck190/production/3.3/board.xml as part xcvc1902-vsva2197-2mp-e-s specified in board_part file is either invalid or not available
WARNING: [Board 49-26] cannot add Board Part xilinx.com:vck190_newl:part0:1.0 available at C:/Xilinx/Vivado/2024.1/data/xhub/boards/XilinxBoardStore/boards/Xilinx/vck190_newl/production/1.0/board.xml as part xcvc1902-vsva2197-2mp-e-s specified in board_part file is either invalid or not available
WARNING: [Board 49-26] cannot add Board Part xilinx.com:vck190_newl:part0:1.1 available at C:/Xilinx/Vivado/2024.1/data/xhub/boards/XilinxBoardStore/boards/Xilinx/vck190_newl/production/1.1/board.xml as part xcvc1902-vsva2197-2mp-e-s specified in board_part file is either invalid or not available
WARNING: [Board 49-26] cannot add Board Part xilinx.com:vck190_newl:part0:1.2 available at C:/Xilinx/Vivado/2024.1/data/xhub/boards/XilinxBoardStore/boards/Xilinx/vck190_newl/production/1.2/board.xml as part xcvc1902-vsva2197-2mp-e-s specified in board_part file is either invalid or not available
WARNING: [Board 49-26] cannot add Board Part xilinx.com:vcu108:part0:1.6 available at C:/Xilinx/Vivado/2024.1/data/xhub/boards/XilinxBoardStore/boards/Xilinx/vcu108/1.6/board.xml as part xcvu095-ffva2104-2-e specified in board_part file is either invalid or not available
WARNING: [Board 49-26] cannot add Board Part xilinx.com:vcu108:part0:1.7 available at C:/Xilinx/Vivado/2024.1/data/xhub/boards/XilinxBoardStore/boards/Xilinx/vcu108/1.7/board.xml as part xcvu095-ffva2104-2-e specified in board_part file is either invalid or not available
WARNING: [Board 49-26] cannot add Board Part xilinx.com:vcu110:part0:1.4 available at C:/Xilinx/Vivado/2024.1/data/xhub/boards/XilinxBoardStore/boards/Xilinx/vcu110/1.4/board.xml as part xcvu190-flgc2104-2-e specified in board_part file is either invalid or not available
WARNING: [Board 49-26] cannot add Board Part xilinx.com:vcu118:part0:2.0 available at C:/Xilinx/Vivado/2024.1/data/xhub/boards/XilinxBoardStore/boards/Xilinx/vcu118/2.0/board.xml as part xcvu9p-flga2104-2l-e specified in board_part file is either invalid or not available
WARNING: [Board 49-26] cannot add Board Part xilinx.com:vcu118:part0:2.3 available at C:/Xilinx/Vivado/2024.1/data/xhub/boards/XilinxBoardStore/boards/Xilinx/vcu118/2.3/board.xml as part xcvu9p-flga2104-2l-e specified in board_part file is either invalid or not available
WARNING: [Board 49-26] cannot add Board Part xilinx.com:vcu118:part0:2.4 available at C:/Xilinx/Vivado/2024.1/data/xhub/boards/XilinxBoardStore/boards/Xilinx/vcu118/2.4/board.xml as part xcvu9p-flga2104-2l-e specified in board_part file is either invalid or not available
WARNING: [Board 49-26] cannot add Board Part xilinx.com:vcu128:part0:1.0 available at C:/Xilinx/Vivado/2024.1/data/xhub/boards/XilinxBoardStore/boards/Xilinx/vcu128/production/1.0/board.xml as part xcvu37p-fsvh2892-2l-e specified in board_part file is either invalid or not available
WARNING: [Board 49-26] cannot add Board Part xilinx.com:vcu129:part0:1.0 available at C:/Xilinx/Vivado/2024.1/data/xhub/boards/XilinxBoardStore/boards/Xilinx/vcu129/production/1.0/board.xml as part xcvu29p-fsga2577-2l-e specified in board_part file is either invalid or not available
WARNING: [Board 49-26] cannot add Board Part xilinx.com:vcu1525:part0:1.3 available at C:/Xilinx/Vivado/2024.1/data/xhub/boards/XilinxBoardStore/boards/Xilinx/vcu1525/1.3/board.xml as part xcvu9p-fsgd2104-2l-e specified in board_part file is either invalid or not available
WARNING: [Board 49-26] cannot add Board Part xilinx.com:vek280:part0:1.0 available at C:/Xilinx/Vivado/2024.1/data/xhub/boards/XilinxBoardStore/boards/Xilinx/vek280/production/1.0/board.xml as part xcve2802-vsvh1760-2mp-e-s specified in board_part file is either invalid or not available
WARNING: [Board 49-26] cannot add Board Part xilinx.com:vek280:part0:1.1 available at C:/Xilinx/Vivado/2024.1/data/xhub/boards/XilinxBoardStore/boards/Xilinx/vek280/production/1.1/board.xml as part xcve2802-vsvh1760-2mp-e-s specified in board_part file is either invalid or not available
WARNING: [Board 49-26] cannot add Board Part xilinx.com:vek280:part0:1.2 available at C:/Xilinx/Vivado/2024.1/data/xhub/boards/XilinxBoardStore/boards/Xilinx/vek280/production/1.2/board.xml as part xcve2802-vsvh1760-2mp-e-s specified in board_part file is either invalid or not available
WARNING: [Board 49-26] cannot add Board Part xilinx.com:vek280_es:part0:1.0 available at C:/Xilinx/Vivado/2024.1/data/xhub/boards/XilinxBoardStore/boards/Xilinx/vek280/es/rev_a/1.0/board.xml as part xcve2802-vsvh1760-2lp-e-s-es1 specified in board_part file is either invalid or not available
WARNING: [Board 49-26] cannot add Board Part xilinx.com:vek280_es:part0:1.1 available at C:/Xilinx/Vivado/2024.1/data/xhub/boards/XilinxBoardStore/boards/Xilinx/vek280/es/rev_a/1.1/board.xml as part xcve2802-vsvh1760-2lp-e-s-es1 specified in board_part file is either invalid or not available
WARNING: [Board 49-26] cannot add Board Part xilinx.com:vek280_es_revb:part0:1.0 available at C:/Xilinx/Vivado/2024.1/data/xhub/boards/XilinxBoardStore/boards/Xilinx/vek280/es/rev_b/1.0/board.xml as part xcve2802-vsvh1760-2mp-e-s-es1 specified in board_part file is either invalid or not available
WARNING: [Board 49-26] cannot add Board Part xilinx.com:vek280_es_revb:part0:1.1 available at C:/Xilinx/Vivado/2024.1/data/xhub/boards/XilinxBoardStore/boards/Xilinx/vek280/es/rev_b/1.1/board.xml as part xcve2802-vsvh1760-2mp-e-s-es1 specified in board_part file is either invalid or not available
WARNING: [Board 49-26] cannot add Board Part xilinx.com:vermeo_t1_mpsoc:part0:1.0 available at C:/Xilinx/Vivado/2024.1/data/xhub/boards/XilinxBoardStore/boards/Xilinx/vermeo_t1_mpsoc/1.0/board.xml as part xczu19eg-ffvd1760-2l-e specified in board_part file is either invalid or not available
WARNING: [Board 49-26] cannot add Board Part xilinx.com:vermeo_t1_rfsoc:part0:1.0 available at C:/Xilinx/Vivado/2024.1/data/xhub/boards/XilinxBoardStore/boards/Xilinx/vermeo_t1_rfsoc/1.0/board.xml as part xczu21dr-ffvd1156-2l-e specified in board_part file is either invalid or not available
WARNING: [Board 49-26] cannot add Board Part xilinx.com:vhk158:part0:1.0 available at C:/Xilinx/Vivado/2024.1/data/xhub/boards/XilinxBoardStore/boards/Xilinx/vhk158/production/1.0/board.xml as part xcvh1582-vsva3697-2mp-e-s specified in board_part file is either invalid or not available
WARNING: [Board 49-26] cannot add Board Part xilinx.com:vhk158:part0:1.1 available at C:/Xilinx/Vivado/2024.1/data/xhub/boards/XilinxBoardStore/boards/Xilinx/vhk158/production/1.1/board.xml as part xcvh1582-vsva3697-2mp-e-s specified in board_part file is either invalid or not available
WARNING: [Board 49-26] cannot add Board Part xilinx.com:vhk158_es:part0:1.0 available at C:/Xilinx/Vivado/2024.1/data/xhub/boards/XilinxBoardStore/boards/Xilinx/vhk158/es/1.0/board.xml as part xcvh1582-vsva3697-2mp-e-s-es1 specified in board_part file is either invalid or not available
WARNING: [Board 49-26] cannot add Board Part xilinx.com:vhk158_es:part0:1.1 available at C:/Xilinx/Vivado/2024.1/data/xhub/boards/XilinxBoardStore/boards/Xilinx/vhk158/es/1.1/board.xml as part xcvh1582-vsva3697-2mp-e-s-es1 specified in board_part file is either invalid or not available
WARNING: [Board 49-26] cannot add Board Part xilinx.com:vmk180:part0:2.2 available at C:/Xilinx/Vivado/2024.1/data/xhub/boards/XilinxBoardStore/boards/Xilinx/vmk180/production/2.2/board.xml as part xcvm1802-vsva2197-2mp-e-s specified in board_part file is either invalid or not available
WARNING: [Board 49-26] cannot add Board Part xilinx.com:vmk180:part0:3.0 available at C:/Xilinx/Vivado/2024.1/data/xhub/boards/XilinxBoardStore/boards/Xilinx/vmk180/production/3.0/board.xml as part xcvm1802-vsva2197-2mp-e-s specified in board_part file is either invalid or not available
WARNING: [Board 49-26] cannot add Board Part xilinx.com:vmk180:part0:3.1 available at C:/Xilinx/Vivado/2024.1/data/xhub/boards/XilinxBoardStore/boards/Xilinx/vmk180/production/3.1/board.xml as part xcvm1802-vsva2197-2mp-e-s specified in board_part file is either invalid or not available
WARNING: [Board 49-26] cannot add Board Part xilinx.com:vmk180:part0:3.2 available at C:/Xilinx/Vivado/2024.1/data/xhub/boards/XilinxBoardStore/boards/Xilinx/vmk180/production/3.2/board.xml as part xcvm1802-vsva2197-2mp-e-s specified in board_part file is either invalid or not available
WARNING: [Board 49-26] cannot add Board Part xilinx.com:vmk180_newl:part0:1.0 available at C:/Xilinx/Vivado/2024.1/data/xhub/boards/XilinxBoardStore/boards/Xilinx/vmk180_newl/production/1.0/board.xml as part xcvm1802-vsva2197-2mp-e-s specified in board_part file is either invalid or not available
WARNING: [Board 49-26] cannot add Board Part xilinx.com:vmk180_newl:part0:1.1 available at C:/Xilinx/Vivado/2024.1/data/xhub/boards/XilinxBoardStore/boards/Xilinx/vmk180_newl/production/1.1/board.xml as part xcvm1802-vsva2197-2mp-e-s specified in board_part file is either invalid or not available
WARNING: [Board 49-26] cannot add Board Part xilinx.com:vpk120:part0:1.0 available at C:/Xilinx/Vivado/2024.1/data/xhub/boards/XilinxBoardStore/boards/Xilinx/vpk120/production/1.0/board.xml as part xcvp1202-vsva2785-2mp-e-s specified in board_part file is either invalid or not available
WARNING: [Board 49-26] cannot add Board Part xilinx.com:vpk120:part0:1.1 available at C:/Xilinx/Vivado/2024.1/data/xhub/boards/XilinxBoardStore/boards/Xilinx/vpk120/production/1.1/board.xml as part xcvp1202-vsva2785-2mp-e-s specified in board_part file is either invalid or not available
WARNING: [Board 49-26] cannot add Board Part xilinx.com:vpk120:part0:1.2 available at C:/Xilinx/Vivado/2024.1/data/xhub/boards/XilinxBoardStore/boards/Xilinx/vpk120/production/1.2/board.xml as part xcvp1202-vsva2785-2mp-e-s specified in board_part file is either invalid or not available
WARNING: [Board 49-26] cannot add Board Part xilinx.com:vpk180:part0:1.0 available at C:/Xilinx/Vivado/2024.1/data/xhub/boards/XilinxBoardStore/boards/Xilinx/vpk180/production/1.0/board.xml as part xcvp1802-lsvc4072-2mp-e-s specified in board_part file is either invalid or not available
WARNING: [Board 49-26] cannot add Board Part xilinx.com:vpk180:part0:1.1 available at C:/Xilinx/Vivado/2024.1/data/xhub/boards/XilinxBoardStore/boards/Xilinx/vpk180/production/1.1/board.xml as part xcvp1802-lsvc4072-2mp-e-s specified in board_part file is either invalid or not available
WARNING: [Board 49-26] cannot add Board Part xilinx.com:vpk180:part0:1.2 available at C:/Xilinx/Vivado/2024.1/data/xhub/boards/XilinxBoardStore/boards/Xilinx/vpk180/production/1.2/board.xml as part xcvp1802-lsvc4072-2mp-e-s specified in board_part file is either invalid or not available
WARNING: [Board 49-26] cannot add Board Part xilinx.com:zc706:part0:1.4 available at C:/Xilinx/Vivado/2024.1/data/xhub/boards/XilinxBoardStore/boards/Xilinx/zc706/1.4/board.xml as part xc7z045ffg900-2 specified in board_part file is either invalid or not available
WARNING: [Board 49-26] cannot add Board Part xilinx.com:zcu102:part0:3.3 available at C:/Xilinx/Vivado/2024.1/data/xhub/boards/XilinxBoardStore/boards/Xilinx/zcu102/3.3/board.xml as part xczu9eg-ffvb1156-2-e specified in board_part file is either invalid or not available
WARNING: [Board 49-26] cannot add Board Part xilinx.com:zcu102:part0:3.4 available at C:/Xilinx/Vivado/2024.1/data/xhub/boards/XilinxBoardStore/boards/Xilinx/zcu102/3.4/board.xml as part xczu9eg-ffvb1156-2-e specified in board_part file is either invalid or not available
WARNING: [Board 49-26] cannot add Board Part xilinx.com:zcu104:part0:1.1 available at C:/Xilinx/Vivado/2024.1/data/xhub/boards/XilinxBoardStore/boards/Xilinx/zcu104/1.1/board.xml as part xczu7ev-ffvc1156-2-e specified in board_part file is either invalid or not available
WARNING: [Board 49-26] cannot add Board Part xilinx.com:zcu106:part0:2.4 available at C:/Xilinx/Vivado/2024.1/data/xhub/boards/XilinxBoardStore/boards/Xilinx/zcu106/2.4/board.xml as part xczu7ev-ffvc1156-2-e specified in board_part file is either invalid or not available
WARNING: [Board 49-26] cannot add Board Part xilinx.com:zcu106:part0:2.5 available at C:/Xilinx/Vivado/2024.1/data/xhub/boards/XilinxBoardStore/boards/Xilinx/zcu106/2.5/board.xml as part xczu7ev-ffvc1156-2-e specified in board_part file is either invalid or not available
WARNING: [Board 49-26] cannot add Board Part xilinx.com:zcu106:part0:2.6 available at C:/Xilinx/Vivado/2024.1/data/xhub/boards/XilinxBoardStore/boards/Xilinx/zcu106/2.6/board.xml as part xczu7ev-ffvc1156-2-e specified in board_part file is either invalid or not available
WARNING: [Board 49-26] cannot add Board Part xilinx.com:zcu111:part0:1.2 available at C:/Xilinx/Vivado/2024.1/data/xhub/boards/XilinxBoardStore/boards/Xilinx/zcu111/1.2/board.xml as part xczu28dr-ffvg1517-2-e specified in board_part file is either invalid or not available
WARNING: [Board 49-26] cannot add Board Part xilinx.com:zcu111:part0:1.3 available at C:/Xilinx/Vivado/2024.1/data/xhub/boards/XilinxBoardStore/boards/Xilinx/zcu111/1.3/board.xml as part xczu28dr-ffvg1517-2-e specified in board_part file is either invalid or not available
WARNING: [Board 49-26] cannot add Board Part xilinx.com:zcu111:part0:1.4 available at C:/Xilinx/Vivado/2024.1/data/xhub/boards/XilinxBoardStore/boards/Xilinx/zcu111/1.4/board.xml as part xczu28dr-ffvg1517-2-e specified in board_part file is either invalid or not available
WARNING: [Board 49-26] cannot add Board Part xilinx.com:zcu1275:part0:1.0 available at C:/Xilinx/Vivado/2024.1/data/xhub/boards/XilinxBoardStore/boards/Xilinx/zcu1275/1.0/board.xml as part xczu29dr-ffvf1760-2-e specified in board_part file is either invalid or not available
WARNING: [Board 49-26] cannot add Board Part xilinx.com:zcu1285:part0:1.0 available at C:/Xilinx/Vivado/2024.1/data/xhub/boards/XilinxBoardStore/boards/Xilinx/zcu1285/1.0/board.xml as part xczu39dr-ffvf1760-2-i specified in board_part file is either invalid or not available
WARNING: [Board 49-26] cannot add Board Part xilinx.com:zcu208:part0:2.0 available at C:/Xilinx/Vivado/2024.1/data/xhub/boards/XilinxBoardStore/boards/Xilinx/zcu208/production/2.0/board.xml as part xczu48dr-fsvg1517-2-e specified in board_part file is either invalid or not available
WARNING: [Board 49-26] cannot add Board Part xilinx.com:zcu208ld:part0:2.0 available at C:/Xilinx/Vivado/2024.1/data/xhub/boards/XilinxBoardStore/boards/Xilinx/zcu208ld/production/2.0/board.xml as part xczu58dr-fsvg1517-2-i specified in board_part file is either invalid or not available
WARNING: [Board 49-26] cannot add Board Part xilinx.com:zcu216:part0:2.0 available at C:/Xilinx/Vivado/2024.1/data/xhub/boards/XilinxBoardStore/boards/Xilinx/zcu216/production/2.0/board.xml as part xczu49dr-ffvf1760-2-e specified in board_part file is either invalid or not available
WARNING: [Board 49-26] cannot add Board Part xilinx.com:zcu216ld:part0:2.0 available at C:/Xilinx/Vivado/2024.1/data/xhub/boards/XilinxBoardStore/boards/Xilinx/zcu216ld/production/2.0/board.xml as part xczu59dr-ffvf1760-2-i specified in board_part file is either invalid or not available
WARNING: [Board 49-26] cannot add Board Part xilinx.com:zcu670:part0:2.0 available at C:/Xilinx/Vivado/2024.1/data/xhub/boards/XilinxBoardStore/boards/Xilinx/zcu670/2.0/board.xml as part xczu67dr-fsve1156-2-i specified in board_part file is either invalid or not available
WARNING: [Board 49-26] cannot add Board Part xilinx.com:zcu670ld:part0:1.0 available at C:/Xilinx/Vivado/2024.1/data/xhub/boards/XilinxBoardStore/boards/Xilinx/zcu670ld/1.0/board.xml as part xczu57dr-fsve1156-2-i specified in board_part file is either invalid or not available
INFO: [IP_Flow 19-234] Refreshing IP repositories
INFO: [IP_Flow 19-1704] No user IP repositories specified
INFO: [IP_Flow 19-2313] Loaded Vivado IP repository 'C:/Xilinx/Vivado/2024.1/data/ip'.
open_project: Time (s): cpu = 00:00:28 ; elapsed = 00:00:15 . Memory (MB): peak = 1522.914 ; gain = 479.254
update_compile_order -fileset sources_1
synth_design -rtl -rtl_skip_mlo -name rtl_1
Command: synth_design -rtl -rtl_skip_mlo -name rtl_1
Starting synth_design
Using part: xc7z020clg400-1
Top: huffman_encoder
INFO: [Device 21-403] Loading part xc7z020clg400-1
INFO: [Device 21-9227] Part: xc7z020clg400-1 does not have CEAM library.
INFO: [Synth 8-7079] Multithreading enabled for synth_design using a maximum of 2 processes.
INFO: [Synth 8-7078] Launching helper process for spawning children vivado processes
INFO: [Synth 8-7075] Helper process launched with PID 13124
---------------------------------------------------------------------------------
Starting RTL Elaboration : Time (s): cpu = 00:00:09 ; elapsed = 00:00:06 . Memory (MB): peak = 2371.906 ; gain = 439.715
---------------------------------------------------------------------------------
INFO: [Synth 8-638] synthesizing module 'huffman_encoder' [C:/Users/radoj/Documents/diplomski_rad_ivona_radojicic/diplomski_rad_ivona_radojicic.srcs/sources_1/new/huffman_encoder.vhd:19]
INFO: [Synth 8-3491] module 'clk_wiz_0' declared at 'C:/Users/radoj/Documents/diplomski_rad_ivona_radojicic/.Xil/Vivado-3748-racopc/realtime/clk_wiz_0_stub.vhdl:6' bound to instance 'CLOCK_WIZ_INST' of component 'clk_wiz_0' [C:/Users/radoj/Documents/diplomski_rad_ivona_radojicic/diplomski_rad_ivona_radojicic.srcs/sources_1/new/huffman_encoder.vhd:78]
INFO: [Synth 8-638] synthesizing module 'clk_wiz_0' [C:/Users/radoj/Documents/diplomski_rad_ivona_radojicic/.Xil/Vivado-3748-racopc/realtime/clk_wiz_0_stub.vhdl:16]
INFO: [Synth 8-638] synthesizing module 'tree_generate' [C:/Users/radoj/Documents/diplomski_rad_ivona_radojicic/diplomski_rad_ivona_radojicic.srcs/sources_1/new/tree_generate.vhd:23]
	Parameter num_cells bound to: 256 - type: integer 
INFO: [Synth 8-638] synthesizing module 'sorting_module' [C:/Users/radoj/Documents/diplomski_rad_ivona_radojicic/diplomski_rad_ivona_radojicic.srcs/sources_1/new/sorting_module.vhd:25]
	Parameter num_cells bound to: 256 - type: integer 
	Parameter freq_bw bound to: 14 - type: integer 
	Parameter symbol_bw bound to: 8 - type: integer 
INFO: [Synth 8-638] synthesizing module 'cells' [C:/Users/radoj/Documents/diplomski_rad_ivona_radojicic/diplomski_rad_ivona_radojicic.srcs/sources_1/new/cells.vhd:26]
INFO: [Synth 8-256] done synthesizing module 'cells' (0#1) [C:/Users/radoj/Documents/diplomski_rad_ivona_radojicic/diplomski_rad_ivona_radojicic.srcs/sources_1/new/cells.vhd:26]
INFO: [Synth 8-256] done synthesizing module 'sorting_module' (0#1) [C:/Users/radoj/Documents/diplomski_rad_ivona_radojicic/diplomski_rad_ivona_radojicic.srcs/sources_1/new/sorting_module.vhd:25]
INFO: [Synth 8-638] synthesizing module 'huffman_bram' [C:/Users/radoj/Documents/diplomski_rad_ivona_radojicic/diplomski_rad_ivona_radojicic.srcs/sources_1/new/huffman_bram.vhd:28]
	Parameter G_RAM_WIDTH bound to: 9 - type: integer 
	Parameter G_RAM_DEPTH bound to: 256 - type: integer 
	Parameter G_RAM_PERFORMANCE bound to: LOW_LATENCY - type: string 
	Parameter G_RAM_INIT_FILE bound to: (null) - type: string 
INFO: [Synth 8-256] done synthesizing module 'huffman_bram' (0#1) [C:/Users/radoj/Documents/diplomski_rad_ivona_radojicic/diplomski_rad_ivona_radojicic.srcs/sources_1/new/huffman_bram.vhd:28]
INFO: [Synth 8-256] done synthesizing module 'tree_generate' (0#1) [C:/Users/radoj/Documents/diplomski_rad_ivona_radojicic/diplomski_rad_ivona_radojicic.srcs/sources_1/new/tree_generate.vhd:23]
INFO: [Synth 8-638] synthesizing module 'text_file' [C:/Users/radoj/Documents/diplomski_rad_ivona_radojicic/diplomski_rad_ivona_radojicic.srcs/sources_1/new/text_file.vhd:23]
	Parameter G_ROM_DEPTH bound to: 5000 - type: integer 
	Parameter G_INIT_FILE bound to: C:/Users/radoj/OneDrive/Desktop/huffman/rom_init.txt - type: string 
INFO: [Synth 8-256] done synthesizing module 'text_file' (0#1) [C:/Users/radoj/Documents/diplomski_rad_ivona_radojicic/diplomski_rad_ivona_radojicic.srcs/sources_1/new/text_file.vhd:23]
INFO: [Synth 8-638] synthesizing module 'length_generate' [C:/Users/radoj/Documents/diplomski_rad_ivona_radojicic/diplomski_rad_ivona_radojicic.srcs/sources_1/new/length_generate.vhd:21]
INFO: [Synth 8-638] synthesizing module 'huffman_bram__parameterized0' [C:/Users/radoj/Documents/diplomski_rad_ivona_radojicic/diplomski_rad_ivona_radojicic.srcs/sources_1/new/huffman_bram.vhd:28]
	Parameter G_RAM_WIDTH bound to: 8 - type: integer 
	Parameter G_RAM_DEPTH bound to: 256 - type: integer 
	Parameter G_RAM_PERFORMANCE bound to: LOW_LATENCY - type: string 
	Parameter G_RAM_INIT_FILE bound to: (null) - type: string 
INFO: [Synth 8-256] done synthesizing module 'huffman_bram__parameterized0' (0#1) [C:/Users/radoj/Documents/diplomski_rad_ivona_radojicic/diplomski_rad_ivona_radojicic.srcs/sources_1/new/huffman_bram.vhd:28]
INFO: [Synth 8-256] done synthesizing module 'length_generate' (0#1) [C:/Users/radoj/Documents/diplomski_rad_ivona_radojicic/diplomski_rad_ivona_radojicic.srcs/sources_1/new/length_generate.vhd:21]
INFO: [Synth 8-638] synthesizing module 'histogram_generate' [C:/Users/radoj/Documents/diplomski_rad_ivona_radojicic/diplomski_rad_ivona_radojicic.srcs/sources_1/new/histogram_generate.vhd:22]
INFO: [Synth 8-256] done synthesizing module 'histogram_generate' (0#1) [C:/Users/radoj/Documents/diplomski_rad_ivona_radojicic/diplomski_rad_ivona_radojicic.srcs/sources_1/new/histogram_generate.vhd:22]
INFO: [Synth 8-638] synthesizing module 'canonical_code_generate' [C:/Users/radoj/Documents/diplomski_rad_ivona_radojicic/diplomski_rad_ivona_radojicic.srcs/sources_1/new/canonical_code_generate.vhd:25]
INFO: [Synth 8-638] synthesizing module 'huffman_bram__parameterized1' [C:/Users/radoj/Documents/diplomski_rad_ivona_radojicic/diplomski_rad_ivona_radojicic.srcs/sources_1/new/huffman_bram.vhd:28]
	Parameter G_RAM_WIDTH bound to: 24 - type: integer 
	Parameter G_RAM_DEPTH bound to: 256 - type: integer 
	Parameter G_RAM_PERFORMANCE bound to: LOW_LATENCY - type: string 
	Parameter G_RAM_INIT_FILE bound to: (null) - type: string 
INFO: [Synth 8-256] done synthesizing module 'huffman_bram__parameterized1' (0#1) [C:/Users/radoj/Documents/diplomski_rad_ivona_radojicic/diplomski_rad_ivona_radojicic.srcs/sources_1/new/huffman_bram.vhd:28]
INFO: [Synth 8-256] done synthesizing module 'canonical_code_generate' (0#1) [C:/Users/radoj/Documents/diplomski_rad_ivona_radojicic/diplomski_rad_ivona_radojicic.srcs/sources_1/new/canonical_code_generate.vhd:25]
INFO: [Synth 8-638] synthesizing module 'edge_detector' [C:/Users/radoj/Documents/diplomski_rad_ivona_radojicic/diplomski_rad_ivona_radojicic.srcs/sources_1/new/edge_detector.vhd:15]
INFO: [Synth 8-256] done synthesizing module 'edge_detector' (0#1) [C:/Users/radoj/Documents/diplomski_rad_ivona_radojicic/diplomski_rad_ivona_radojicic.srcs/sources_1/new/edge_detector.vhd:15]
INFO: [Synth 8-638] synthesizing module 'uart_tx' [C:/Users/radoj/Documents/diplomski_rad_ivona_radojicic/diplomski_rad_ivona_radojicic.srcs/sources_1/new/uart_tx.vhd:27]
	Parameter CLK_FREQ bound to: 40 - type: integer 
	Parameter SER_FREQ bound to: 115200 - type: integer 
INFO: [Synth 8-256] done synthesizing module 'uart_tx' (0#1) [C:/Users/radoj/Documents/diplomski_rad_ivona_radojicic/diplomski_rad_ivona_radojicic.srcs/sources_1/new/uart_tx.vhd:27]
INFO: [Synth 8-256] done synthesizing module 'huffman_encoder' (0#1) [C:/Users/radoj/Documents/diplomski_rad_ivona_radojicic/diplomski_rad_ivona_radojicic.srcs/sources_1/new/huffman_encoder.vhd:19]
WARNING: [Synth 8-4767] Trying to implement RAM 'fifo_depth_even_reg' in registers. Block RAM or DRAM implementation is not possible; see log for reasons.
Reason is one or more of the following :
	1: Invalid write to RAM. 
	2: Unable to determine number of words or word size in RAM. 
	3: No valid read/write found for RAM. 
RAM "fifo_depth_even_reg" dissolved into registers
WARNING: [Synth 8-4767] Trying to implement RAM 'fifo_depth_odd_reg' in registers. Block RAM or DRAM implementation is not possible; see log for reasons.
Reason is one or more of the following :
	1: Invalid write to RAM. 
	2: Unable to determine number of words or word size in RAM. 
	3: No valid read/write found for RAM. 
RAM "fifo_depth_odd_reg" dissolved into registers
WARNING: [Synth 8-7129] Port rstb in module huffman_bram__parameterized1 is either unconnected or has no load
WARNING: [Synth 8-7129] Port regceb in module huffman_bram__parameterized1 is either unconnected or has no load
WARNING: [Synth 8-7129] Port rstb in module huffman_bram__parameterized0 is either unconnected or has no load
WARNING: [Synth 8-7129] Port regceb in module huffman_bram__parameterized0 is either unconnected or has no load
WARNING: [Synth 8-7129] Port rstb in module huffman_bram is either unconnected or has no load
WARNING: [Synth 8-7129] Port regceb in module huffman_bram is either unconnected or has no load
---------------------------------------------------------------------------------
Finished RTL Elaboration : Time (s): cpu = 00:00:15 ; elapsed = 00:00:12 . Memory (MB): peak = 2676.828 ; gain = 744.637
---------------------------------------------------------------------------------
---------------------------------------------------------------------------------
Start Handling Custom Attributes
---------------------------------------------------------------------------------
---------------------------------------------------------------------------------
Finished Handling Custom Attributes : Time (s): cpu = 00:00:15 ; elapsed = 00:00:12 . Memory (MB): peak = 2676.828 ; gain = 744.637
---------------------------------------------------------------------------------
---------------------------------------------------------------------------------
Finished RTL Optimization Phase 1 : Time (s): cpu = 00:00:15 ; elapsed = 00:00:12 . Memory (MB): peak = 2676.828 ; gain = 744.637
---------------------------------------------------------------------------------
INFO: [Project 1-454] Reading design checkpoint 'c:/Users/radoj/Documents/diplomski_rad_ivona_radojicic/diplomski_rad_ivona_radojicic.gen/sources_1/ip/clk_wiz_0/clk_wiz_0.dcp' for cell 'CLOCK_WIZ_INST'
Netlist sorting complete. Time (s): cpu = 00:00:01 ; elapsed = 00:00:00.270 . Memory (MB): peak = 2676.828 ; gain = 0.000
INFO: [Netlist 29-17] Analyzing 1 Unisim elements for replacement
INFO: [Netlist 29-28] Unisim Transformation completed in 0 CPU seconds
INFO: [Project 1-479] Netlist was created with Vivado 2024.1
INFO: [Project 1-570] Preparing netlist for logic optimization

Processing XDC Constraints
Initializing timing engine
Parsing XDC File [c:/Users/radoj/Documents/diplomski_rad_ivona_radojicic/diplomski_rad_ivona_radojicic.gen/sources_1/ip/clk_wiz_0/clk_wiz_0_board.xdc] for cell 'CLOCK_WIZ_INST/inst'
Finished Parsing XDC File [c:/Users/radoj/Documents/diplomski_rad_ivona_radojicic/diplomski_rad_ivona_radojicic.gen/sources_1/ip/clk_wiz_0/clk_wiz_0_board.xdc] for cell 'CLOCK_WIZ_INST/inst'
Parsing XDC File [c:/Users/radoj/Documents/diplomski_rad_ivona_radojicic/diplomski_rad_ivona_radojicic.gen/sources_1/ip/clk_wiz_0/clk_wiz_0.xdc] for cell 'CLOCK_WIZ_INST/inst'
Finished Parsing XDC File [c:/Users/radoj/Documents/diplomski_rad_ivona_radojicic/diplomski_rad_ivona_radojicic.gen/sources_1/ip/clk_wiz_0/clk_wiz_0.xdc] for cell 'CLOCK_WIZ_INST/inst'
INFO: [Project 1-236] Implementation specific constraints were found while reading constraint file [c:/Users/radoj/Documents/diplomski_rad_ivona_radojicic/diplomski_rad_ivona_radojicic.gen/sources_1/ip/clk_wiz_0/clk_wiz_0.xdc]. These constraints will be ignored for synthesis but will be used in implementation. Impacted constraints are listed in the file [.Xil/huffman_encoder_propImpl.xdc].
Resolution: To avoid this warning, move constraints listed in [.Xil/huffman_encoder_propImpl.xdc] to another XDC file and exclude this new file from synthesis with the used_in_synthesis property (File Properties dialog in GUI) and re-run elaboration/synthesis.
INFO: [Timing 38-2] Deriving generated clocks
Parsing XDC File [C:/Users/radoj/Documents/diplomski_rad_ivona_radojicic/diplomski_rad_ivona_radojicic.srcs/constrs_1/new/arty_constraints.xdc]
Finished Parsing XDC File [C:/Users/radoj/Documents/diplomski_rad_ivona_radojicic/diplomski_rad_ivona_radojicic.srcs/constrs_1/new/arty_constraints.xdc]
Completed Processing XDC Constraints

Netlist sorting complete. Time (s): cpu = 00:00:00 ; elapsed = 00:00:00.004 . Memory (MB): peak = 2788.480 ; gain = 0.000
INFO: [Project 1-111] Unisim Transformation Summary:
No Unisim elements were transformed.

RTL Elaboration Complete:  : Time (s): cpu = 00:00:36 ; elapsed = 00:00:22 . Memory (MB): peak = 2836.469 ; gain = 904.277
41 Infos, 8 Warnings, 0 Critical Warnings and 0 Errors encountered.
synth_design completed successfully
synth_design: Time (s): cpu = 00:00:40 ; elapsed = 00:00:34 . Memory (MB): peak = 2836.469 ; gain = 1291.762
close_design
exit
INFO: [Common 17-206] Exiting Vivado at Sun Sep 27 01:13:04 2026...
